// Jest Snapshot v1, https://goo.gl/fbAQLP

exports[`MoviesSection in error state should matches the Snapshot 1`] = `
<div
  className="page-status container"
>
  <div
    className="row center-xs"
  >
    <div
      className="col-xs-12"
    >
      No movies Found. Use search tool
    </div>
  </div>
</div>
`;

exports[`MoviesSection in loading state should matches the Snapshot 1`] = `
<div
  className="page-status container"
>
  <div
    className="row center-xs"
  >
    <div
      className="col-xs-12"
    >
      No movies Found. Use search tool
    </div>
  </div>
</div>
`;

exports[`MoviesSection with movies should matches the Snapshot 1`] = `
<div
  className="page-status container"
>
  <div
    className="row center-xs"
  >
    <div
      className="col-xs-12"
    >
      No movies Found. Use search tool
    </div>
  </div>
</div>
`;
